------------------------------------------------------------
TimeQuest Timing Analyzer Summary
------------------------------------------------------------

Type  : Slow 1100mV 85C Model Setup 'clk_vga'
Slack : -13.699
TNS   : -333.720

Type  : Slow 1100mV 85C Model Setup 'CLOCK_50'
Slack : -4.319
TNS   : -1742.719

Type  : Slow 1100mV 85C Model Setup 'clk_dram'
Slack : -3.261
TNS   : -115.176

Type  : Slow 1100mV 85C Model Setup 'CPEN391_Computer:u0|CPEN391_Computer_ARM_A9_HPS:arm_a9_hps|CPEN391_Computer_ARM_A9_HPS_hps_io:hps_io|CPEN391_Computer_ARM_A9_HPS_hps_io_border:border|hps_sdram:hps_sdram_inst|hps_sdram_pll:pll|afi_clk_write_clk'
Slack : 1.730
TNS   : 0.000

Type  : Slow 1100mV 85C Model Setup 'u0|system_pll|sys_pll|altera_pll_i|general[0].gpll~PLL_OUTPUT_COUNTER|divclk'
Slack : 6.536
TNS   : 0.000

Type  : Slow 1100mV 85C Model Setup 'altera_reserved_tck'
Slack : 6.617
TNS   : 0.000

Type  : Slow 1100mV 85C Model Setup 'GraphicsController1|inst12|vga_clock_gen_inst|altera_pll_i|general[0].gpll~PLL_OUTPUT_COUNTER|divclk'
Slack : 24.071
TNS   : 0.000

Type  : Slow 1100mV 85C Model Hold 'u0|system_pll|sys_pll|altera_pll_i|general[0].gpll~PLL_OUTPUT_COUNTER|divclk'
Slack : -3.658
TNS   : -56.892

Type  : Slow 1100mV 85C Model Hold 'altera_reserved_tck'
Slack : -0.064
TNS   : -0.125

Type  : Slow 1100mV 85C Model Hold 'CPEN391_Computer:u0|CPEN391_Computer_ARM_A9_HPS:arm_a9_hps|CPEN391_Computer_ARM_A9_HPS_hps_io:hps_io|CPEN391_Computer_ARM_A9_HPS_hps_io_border:border|hps_sdram:hps_sdram_inst|hps_sdram_pll:pll|afi_clk_write_clk'
Slack : 0.143
TNS   : 0.000

Type  : Slow 1100mV 85C Model Hold 'CLOCK_50'
Slack : 0.238
TNS   : 0.000

Type  : Slow 1100mV 85C Model Hold 'GraphicsController1|inst12|vga_clock_gen_inst|altera_pll_i|general[0].gpll~PLL_OUTPUT_COUNTER|divclk'
Slack : 0.383
TNS   : 0.000

Type  : Slow 1100mV 85C Model Hold 'clk_vga'
Slack : 8.721
TNS   : 0.000

Type  : Slow 1100mV 85C Model Hold 'clk_dram'
Slack : 9.028
TNS   : 0.000

Type  : Slow 1100mV 85C Model Recovery 'CPEN391_Computer:u0|CPEN391_Computer_ARM_A9_HPS:arm_a9_hps|CPEN391_Computer_ARM_A9_HPS_hps_io:hps_io|CPEN391_Computer_ARM_A9_HPS_hps_io_border:border|hps_sdram:hps_sdram_inst|hps_sdram_pll:pll|afi_clk_write_clk'
Slack : 3.375
TNS   : 0.000

Type  : Slow 1100mV 85C Model Recovery 'u0|system_pll|sys_pll|altera_pll_i|general[0].gpll~PLL_OUTPUT_COUNTER|divclk'
Slack : 11.257
TNS   : 0.000

Type  : Slow 1100mV 85C Model Recovery 'altera_reserved_tck'
Slack : 13.547
TNS   : 0.000

Type  : Slow 1100mV 85C Model Removal 'CPEN391_Computer:u0|CPEN391_Computer_ARM_A9_HPS:arm_a9_hps|CPEN391_Computer_ARM_A9_HPS_hps_io:hps_io|CPEN391_Computer_ARM_A9_HPS_hps_io_border:border|hps_sdram:hps_sdram_inst|hps_sdram_pll:pll|afi_clk_write_clk'
Slack : 0.470
TNS   : 0.000

Type  : Slow 1100mV 85C Model Removal 'altera_reserved_tck'
Slack : 0.745
TNS   : 0.000

Type  : Slow 1100mV 85C Model Removal 'u0|system_pll|sys_pll|altera_pll_i|general[0].gpll~PLL_OUTPUT_COUNTER|divclk'
Slack : 0.804
TNS   : 0.000

Type  : Slow 1100mV 85C Model Minimum Pulse Width 'CPEN391_Computer:u0|CPEN391_Computer_ARM_A9_HPS:arm_a9_hps|CPEN391_Computer_ARM_A9_HPS_hps_io:hps_io|CPEN391_Computer_ARM_A9_HPS_hps_io_border:border|hps_sdram:hps_sdram_inst|hps_sdram_pll:pll|pll_write_clk_dq_write_clk'
Slack : 0.608
TNS   : 0.000

Type  : Slow 1100mV 85C Model Minimum Pulse Width 'CPEN391_Computer:u0|CPEN391_Computer_ARM_A9_HPS:arm_a9_hps|CPEN391_Computer_ARM_A9_HPS_hps_io:hps_io|CPEN391_Computer_ARM_A9_HPS_hps_io_border:border|hps_sdram:hps_sdram_inst|hps_sdram_pll:pll|afi_clk_write_clk'
Slack : 0.623
TNS   : 0.000

Type  : Slow 1100mV 85C Model Minimum Pulse Width 'u0|system_pll|sys_pll|altera_pll_i|general[0].gpll~FRACTIONAL_PLL|vcoph[0]'
Slack : 1.000
TNS   : 0.000

Type  : Slow 1100mV 85C Model Minimum Pulse Width 'GraphicsController1|inst12|vga_clock_gen_inst|altera_pll_i|general[0].gpll~FRACTIONAL_PLL|vcoph[0]'
Slack : 1.666
TNS   : 0.000

Type  : Slow 1100mV 85C Model Minimum Pulse Width 'u0|system_pll|sys_pll|altera_pll_i|general[0].gpll~PLL_OUTPUT_COUNTER|divclk'
Slack : 8.774
TNS   : 0.000

Type  : Slow 1100mV 85C Model Minimum Pulse Width 'CLOCK_50'
Slack : 8.868
TNS   : 0.000

Type  : Slow 1100mV 85C Model Minimum Pulse Width 'u0|system_pll|sys_pll|altera_pll_i|general[1].gpll~PLL_OUTPUT_COUNTER|divclk'
Slack : 9.854
TNS   : 0.000

Type  : Slow 1100mV 85C Model Minimum Pulse Width 'altera_reserved_tck'
Slack : 15.361
TNS   : 0.000

Type  : Slow 1100mV 85C Model Minimum Pulse Width 'GraphicsController1|inst12|vga_clock_gen_inst|altera_pll_i|general[0].gpll~PLL_OUTPUT_COUNTER|divclk'
Slack : 15.860
TNS   : 0.000

Type  : Slow 1100mV 0C Model Setup 'clk_vga'
Slack : -13.220
TNS   : -323.405

Type  : Slow 1100mV 0C Model Setup 'CLOCK_50'
Slack : -4.132
TNS   : -941.098

Type  : Slow 1100mV 0C Model Setup 'clk_dram'
Slack : -3.023
TNS   : -106.542

Type  : Slow 1100mV 0C Model Setup 'CPEN391_Computer:u0|CPEN391_Computer_ARM_A9_HPS:arm_a9_hps|CPEN391_Computer_ARM_A9_HPS_hps_io:hps_io|CPEN391_Computer_ARM_A9_HPS_hps_io_border:border|hps_sdram:hps_sdram_inst|hps_sdram_pll:pll|afi_clk_write_clk'
Slack : 1.727
TNS   : 0.000

Type  : Slow 1100mV 0C Model Setup 'u0|system_pll|sys_pll|altera_pll_i|general[0].gpll~PLL_OUTPUT_COUNTER|divclk'
Slack : 6.920
TNS   : 0.000

Type  : Slow 1100mV 0C Model Setup 'altera_reserved_tck'
Slack : 7.037
TNS   : 0.000

Type  : Slow 1100mV 0C Model Setup 'GraphicsController1|inst12|vga_clock_gen_inst|altera_pll_i|general[0].gpll~PLL_OUTPUT_COUNTER|divclk'
Slack : 24.415
TNS   : 0.000

Type  : Slow 1100mV 0C Model Hold 'u0|system_pll|sys_pll|altera_pll_i|general[0].gpll~PLL_OUTPUT_COUNTER|divclk'
Slack : -3.961
TNS   : -61.787

Type  : Slow 1100mV 0C Model Hold 'altera_reserved_tck'
Slack : 0.076
TNS   : 0.000

Type  : Slow 1100mV 0C Model Hold 'CPEN391_Computer:u0|CPEN391_Computer_ARM_A9_HPS:arm_a9_hps|CPEN391_Computer_ARM_A9_HPS_hps_io:hps_io|CPEN391_Computer_ARM_A9_HPS_hps_io_border:border|hps_sdram:hps_sdram_inst|hps_sdram_pll:pll|afi_clk_write_clk'
Slack : 0.162
TNS   : 0.000

Type  : Slow 1100mV 0C Model Hold 'CLOCK_50'
Slack : 0.209
TNS   : 0.000

Type  : Slow 1100mV 0C Model Hold 'GraphicsController1|inst12|vga_clock_gen_inst|altera_pll_i|general[0].gpll~PLL_OUTPUT_COUNTER|divclk'
Slack : 0.404
TNS   : 0.000

Type  : Slow 1100mV 0C Model Hold 'clk_vga'
Slack : 8.505
TNS   : 0.000

Type  : Slow 1100mV 0C Model Hold 'clk_dram'
Slack : 8.887
TNS   : 0.000

Type  : Slow 1100mV 0C Model Recovery 'CPEN391_Computer:u0|CPEN391_Computer_ARM_A9_HPS:arm_a9_hps|CPEN391_Computer_ARM_A9_HPS_hps_io:hps_io|CPEN391_Computer_ARM_A9_HPS_hps_io_border:border|hps_sdram:hps_sdram_inst|hps_sdram_pll:pll|afi_clk_write_clk'
Slack : 3.468
TNS   : 0.000

Type  : Slow 1100mV 0C Model Recovery 'u0|system_pll|sys_pll|altera_pll_i|general[0].gpll~PLL_OUTPUT_COUNTER|divclk'
Slack : 11.483
TNS   : 0.000

Type  : Slow 1100mV 0C Model Recovery 'altera_reserved_tck'
Slack : 13.706
TNS   : 0.000

Type  : Slow 1100mV 0C Model Removal 'CPEN391_Computer:u0|CPEN391_Computer_ARM_A9_HPS:arm_a9_hps|CPEN391_Computer_ARM_A9_HPS_hps_io:hps_io|CPEN391_Computer_ARM_A9_HPS_hps_io_border:border|hps_sdram:hps_sdram_inst|hps_sdram_pll:pll|afi_clk_write_clk'
Slack : 0.460
TNS   : 0.000

Type  : Slow 1100mV 0C Model Removal 'altera_reserved_tck'
Slack : 0.721
TNS   : 0.000

Type  : Slow 1100mV 0C Model Removal 'u0|system_pll|sys_pll|altera_pll_i|general[0].gpll~PLL_OUTPUT_COUNTER|divclk'
Slack : 0.763
TNS   : 0.000

Type  : Slow 1100mV 0C Model Minimum Pulse Width 'CPEN391_Computer:u0|CPEN391_Computer_ARM_A9_HPS:arm_a9_hps|CPEN391_Computer_ARM_A9_HPS_hps_io:hps_io|CPEN391_Computer_ARM_A9_HPS_hps_io_border:border|hps_sdram:hps_sdram_inst|hps_sdram_pll:pll|pll_write_clk_dq_write_clk'
Slack : 0.613
TNS   : 0.000

Type  : Slow 1100mV 0C Model Minimum Pulse Width 'CPEN391_Computer:u0|CPEN391_Computer_ARM_A9_HPS:arm_a9_hps|CPEN391_Computer_ARM_A9_HPS_hps_io:hps_io|CPEN391_Computer_ARM_A9_HPS_hps_io_border:border|hps_sdram:hps_sdram_inst|hps_sdram_pll:pll|afi_clk_write_clk'
Slack : 0.630
TNS   : 0.000

Type  : Slow 1100mV 0C Model Minimum Pulse Width 'u0|system_pll|sys_pll|altera_pll_i|general[0].gpll~FRACTIONAL_PLL|vcoph[0]'
Slack : 1.000
TNS   : 0.000

Type  : Slow 1100mV 0C Model Minimum Pulse Width 'GraphicsController1|inst12|vga_clock_gen_inst|altera_pll_i|general[0].gpll~FRACTIONAL_PLL|vcoph[0]'
Slack : 1.666
TNS   : 0.000

Type  : Slow 1100mV 0C Model Minimum Pulse Width 'u0|system_pll|sys_pll|altera_pll_i|general[0].gpll~PLL_OUTPUT_COUNTER|divclk'
Slack : 8.755
TNS   : 0.000

Type  : Slow 1100mV 0C Model Minimum Pulse Width 'CLOCK_50'
Slack : 8.899
TNS   : 0.000

Type  : Slow 1100mV 0C Model Minimum Pulse Width 'u0|system_pll|sys_pll|altera_pll_i|general[1].gpll~PLL_OUTPUT_COUNTER|divclk'
Slack : 9.815
TNS   : 0.000

Type  : Slow 1100mV 0C Model Minimum Pulse Width 'altera_reserved_tck'
Slack : 15.318
TNS   : 0.000

Type  : Slow 1100mV 0C Model Minimum Pulse Width 'GraphicsController1|inst12|vga_clock_gen_inst|altera_pll_i|general[0].gpll~PLL_OUTPUT_COUNTER|divclk'
Slack : 15.841
TNS   : 0.000

Type  : Fast 1100mV 85C Model Setup 'clk_vga'
Slack : -8.636
TNS   : -208.191

Type  : Fast 1100mV 85C Model Setup 'CLOCK_50'
Slack : -0.695
TNS   : -2.151

Type  : Fast 1100mV 85C Model Setup 'clk_dram'
Slack : 1.549
TNS   : 0.000

Type  : Fast 1100mV 85C Model Setup 'CPEN391_Computer:u0|CPEN391_Computer_ARM_A9_HPS:arm_a9_hps|CPEN391_Computer_ARM_A9_HPS_hps_io:hps_io|CPEN391_Computer_ARM_A9_HPS_hps_io_border:border|hps_sdram:hps_sdram_inst|hps_sdram_pll:pll|afi_clk_write_clk'
Slack : 2.110
TNS   : 0.000

Type  : Fast 1100mV 85C Model Setup 'u0|system_pll|sys_pll|altera_pll_i|general[0].gpll~PLL_OUTPUT_COUNTER|divclk'
Slack : 9.734
TNS   : 0.000

Type  : Fast 1100mV 85C Model Setup 'altera_reserved_tck'
Slack : 10.323
TNS   : 0.000

Type  : Fast 1100mV 85C Model Setup 'GraphicsController1|inst12|vga_clock_gen_inst|altera_pll_i|general[0].gpll~PLL_OUTPUT_COUNTER|divclk'
Slack : 27.044
TNS   : 0.000

Type  : Fast 1100mV 85C Model Hold 'u0|system_pll|sys_pll|altera_pll_i|general[0].gpll~PLL_OUTPUT_COUNTER|divclk'
Slack : -1.634
TNS   : -25.054

Type  : Fast 1100mV 85C Model Hold 'altera_reserved_tck'
Slack : -0.112
TNS   : -0.490

Type  : Fast 1100mV 85C Model Hold 'CPEN391_Computer:u0|CPEN391_Computer_ARM_A9_HPS:arm_a9_hps|CPEN391_Computer_ARM_A9_HPS_hps_io:hps_io|CPEN391_Computer_ARM_A9_HPS_hps_io_border:border|hps_sdram:hps_sdram_inst|hps_sdram_pll:pll|afi_clk_write_clk'
Slack : 0.084
TNS   : 0.000

Type  : Fast 1100mV 85C Model Hold 'CLOCK_50'
Slack : 0.154
TNS   : 0.000

Type  : Fast 1100mV 85C Model Hold 'GraphicsController1|inst12|vga_clock_gen_inst|altera_pll_i|general[0].gpll~PLL_OUTPUT_COUNTER|divclk'
Slack : 0.184
TNS   : 0.000

Type  : Fast 1100mV 85C Model Hold 'clk_vga'
Slack : 4.616
TNS   : 0.000

Type  : Fast 1100mV 85C Model Hold 'clk_dram'
Slack : 5.064
TNS   : 0.000

Type  : Fast 1100mV 85C Model Recovery 'CPEN391_Computer:u0|CPEN391_Computer_ARM_A9_HPS:arm_a9_hps|CPEN391_Computer_ARM_A9_HPS_hps_io:hps_io|CPEN391_Computer_ARM_A9_HPS_hps_io_border:border|hps_sdram:hps_sdram_inst|hps_sdram_pll:pll|afi_clk_write_clk'
Slack : 3.727
TNS   : 0.000

Type  : Fast 1100mV 85C Model Recovery 'u0|system_pll|sys_pll|altera_pll_i|general[0].gpll~PLL_OUTPUT_COUNTER|divclk'
Slack : 14.885
TNS   : 0.000

Type  : Fast 1100mV 85C Model Recovery 'altera_reserved_tck'
Slack : 15.046
TNS   : 0.000

Type  : Fast 1100mV 85C Model Removal 'altera_reserved_tck'
Slack : 0.341
TNS   : 0.000

Type  : Fast 1100mV 85C Model Removal 'u0|system_pll|sys_pll|altera_pll_i|general[0].gpll~PLL_OUTPUT_COUNTER|divclk'
Slack : 0.434
TNS   : 0.000

Type  : Fast 1100mV 85C Model Removal 'CPEN391_Computer:u0|CPEN391_Computer_ARM_A9_HPS:arm_a9_hps|CPEN391_Computer_ARM_A9_HPS_hps_io:hps_io|CPEN391_Computer_ARM_A9_HPS_hps_io_border:border|hps_sdram:hps_sdram_inst|hps_sdram_pll:pll|afi_clk_write_clk'
Slack : 0.497
TNS   : 0.000

Type  : Fast 1100mV 85C Model Minimum Pulse Width 'CPEN391_Computer:u0|CPEN391_Computer_ARM_A9_HPS:arm_a9_hps|CPEN391_Computer_ARM_A9_HPS_hps_io:hps_io|CPEN391_Computer_ARM_A9_HPS_hps_io_border:border|hps_sdram:hps_sdram_inst|hps_sdram_pll:pll|pll_write_clk_dq_write_clk'
Slack : 0.883
TNS   : 0.000

Type  : Fast 1100mV 85C Model Minimum Pulse Width 'CPEN391_Computer:u0|CPEN391_Computer_ARM_A9_HPS:arm_a9_hps|CPEN391_Computer_ARM_A9_HPS_hps_io:hps_io|CPEN391_Computer_ARM_A9_HPS_hps_io_border:border|hps_sdram:hps_sdram_inst|hps_sdram_pll:pll|afi_clk_write_clk'
Slack : 0.891
TNS   : 0.000

Type  : Fast 1100mV 85C Model Minimum Pulse Width 'u0|system_pll|sys_pll|altera_pll_i|general[0].gpll~FRACTIONAL_PLL|vcoph[0]'
Slack : 1.000
TNS   : 0.000

Type  : Fast 1100mV 85C Model Minimum Pulse Width 'GraphicsController1|inst12|vga_clock_gen_inst|altera_pll_i|general[0].gpll~FRACTIONAL_PLL|vcoph[0]'
Slack : 1.666
TNS   : 0.000

Type  : Fast 1100mV 85C Model Minimum Pulse Width 'CLOCK_50'
Slack : 8.475
TNS   : 0.000

Type  : Fast 1100mV 85C Model Minimum Pulse Width 'u0|system_pll|sys_pll|altera_pll_i|general[0].gpll~PLL_OUTPUT_COUNTER|divclk'
Slack : 8.887
TNS   : 0.000

Type  : Fast 1100mV 85C Model Minimum Pulse Width 'u0|system_pll|sys_pll|altera_pll_i|general[1].gpll~PLL_OUTPUT_COUNTER|divclk'
Slack : 9.908
TNS   : 0.000

Type  : Fast 1100mV 85C Model Minimum Pulse Width 'altera_reserved_tck'
Slack : 15.257
TNS   : 0.000

Type  : Fast 1100mV 85C Model Minimum Pulse Width 'GraphicsController1|inst12|vga_clock_gen_inst|altera_pll_i|general[0].gpll~PLL_OUTPUT_COUNTER|divclk'
Slack : 16.207
TNS   : 0.000

Type  : Fast 1100mV 0C Model Setup 'clk_vga'
Slack : -8.129
TNS   : -195.854

Type  : Fast 1100mV 0C Model Setup 'CLOCK_50'
Slack : -0.364
TNS   : -0.933

Type  : Fast 1100mV 0C Model Setup 'clk_dram'
Slack : 1.897
TNS   : 0.000

Type  : Fast 1100mV 0C Model Setup 'CPEN391_Computer:u0|CPEN391_Computer_ARM_A9_HPS:arm_a9_hps|CPEN391_Computer_ARM_A9_HPS_hps_io:hps_io|CPEN391_Computer_ARM_A9_HPS_hps_io_border:border|hps_sdram:hps_sdram_inst|hps_sdram_pll:pll|afi_clk_write_clk'
Slack : 2.110
TNS   : 0.000

Type  : Fast 1100mV 0C Model Setup 'u0|system_pll|sys_pll|altera_pll_i|general[0].gpll~PLL_OUTPUT_COUNTER|divclk'
Slack : 10.195
TNS   : 0.000

Type  : Fast 1100mV 0C Model Setup 'altera_reserved_tck'
Slack : 11.218
TNS   : 0.000

Type  : Fast 1100mV 0C Model Setup 'GraphicsController1|inst12|vga_clock_gen_inst|altera_pll_i|general[0].gpll~PLL_OUTPUT_COUNTER|divclk'
Slack : 27.816
TNS   : 0.000

Type  : Fast 1100mV 0C Model Hold 'u0|system_pll|sys_pll|altera_pll_i|general[0].gpll~PLL_OUTPUT_COUNTER|divclk'
Slack : -2.082
TNS   : -32.307

Type  : Fast 1100mV 0C Model Hold 'altera_reserved_tck'
Slack : -0.093
TNS   : -0.258

Type  : Fast 1100mV 0C Model Hold 'CPEN391_Computer:u0|CPEN391_Computer_ARM_A9_HPS:arm_a9_hps|CPEN391_Computer_ARM_A9_HPS_hps_io:hps_io|CPEN391_Computer_ARM_A9_HPS_hps_io_border:border|hps_sdram:hps_sdram_inst|hps_sdram_pll:pll|afi_clk_write_clk'
Slack : 0.077
TNS   : 0.000

Type  : Fast 1100mV 0C Model Hold 'CLOCK_50'
Slack : 0.139
TNS   : 0.000

Type  : Fast 1100mV 0C Model Hold 'GraphicsController1|inst12|vga_clock_gen_inst|altera_pll_i|general[0].gpll~PLL_OUTPUT_COUNTER|divclk'
Slack : 0.178
TNS   : 0.000

Type  : Fast 1100mV 0C Model Hold 'clk_vga'
Slack : 4.292
TNS   : 0.000

Type  : Fast 1100mV 0C Model Hold 'clk_dram'
Slack : 4.770
TNS   : 0.000

Type  : Fast 1100mV 0C Model Recovery 'CPEN391_Computer:u0|CPEN391_Computer_ARM_A9_HPS:arm_a9_hps|CPEN391_Computer_ARM_A9_HPS_hps_io:hps_io|CPEN391_Computer_ARM_A9_HPS_hps_io_border:border|hps_sdram:hps_sdram_inst|hps_sdram_pll:pll|afi_clk_write_clk'
Slack : 3.825
TNS   : 0.000

Type  : Fast 1100mV 0C Model Recovery 'u0|system_pll|sys_pll|altera_pll_i|general[0].gpll~PLL_OUTPUT_COUNTER|divclk'
Slack : 15.134
TNS   : 0.000

Type  : Fast 1100mV 0C Model Recovery 'altera_reserved_tck'
Slack : 15.346
TNS   : 0.000

Type  : Fast 1100mV 0C Model Removal 'altera_reserved_tck'
Slack : 0.325
TNS   : 0.000

Type  : Fast 1100mV 0C Model Removal 'u0|system_pll|sys_pll|altera_pll_i|general[0].gpll~PLL_OUTPUT_COUNTER|divclk'
Slack : 0.393
TNS   : 0.000

Type  : Fast 1100mV 0C Model Removal 'CPEN391_Computer:u0|CPEN391_Computer_ARM_A9_HPS:arm_a9_hps|CPEN391_Computer_ARM_A9_HPS_hps_io:hps_io|CPEN391_Computer_ARM_A9_HPS_hps_io_border:border|hps_sdram:hps_sdram_inst|hps_sdram_pll:pll|afi_clk_write_clk'
Slack : 0.473
TNS   : 0.000

Type  : Fast 1100mV 0C Model Minimum Pulse Width 'CPEN391_Computer:u0|CPEN391_Computer_ARM_A9_HPS:arm_a9_hps|CPEN391_Computer_ARM_A9_HPS_hps_io:hps_io|CPEN391_Computer_ARM_A9_HPS_hps_io_border:border|hps_sdram:hps_sdram_inst|hps_sdram_pll:pll|pll_write_clk_dq_write_clk'
Slack : 0.887
TNS   : 0.000

Type  : Fast 1100mV 0C Model Minimum Pulse Width 'CPEN391_Computer:u0|CPEN391_Computer_ARM_A9_HPS:arm_a9_hps|CPEN391_Computer_ARM_A9_HPS_hps_io:hps_io|CPEN391_Computer_ARM_A9_HPS_hps_io_border:border|hps_sdram:hps_sdram_inst|hps_sdram_pll:pll|afi_clk_write_clk'
Slack : 0.894
TNS   : 0.000

Type  : Fast 1100mV 0C Model Minimum Pulse Width 'u0|system_pll|sys_pll|altera_pll_i|general[0].gpll~FRACTIONAL_PLL|vcoph[0]'
Slack : 1.000
TNS   : 0.000

Type  : Fast 1100mV 0C Model Minimum Pulse Width 'GraphicsController1|inst12|vga_clock_gen_inst|altera_pll_i|general[0].gpll~FRACTIONAL_PLL|vcoph[0]'
Slack : 1.666
TNS   : 0.000

Type  : Fast 1100mV 0C Model Minimum Pulse Width 'CLOCK_50'
Slack : 8.432
TNS   : 0.000

Type  : Fast 1100mV 0C Model Minimum Pulse Width 'u0|system_pll|sys_pll|altera_pll_i|general[0].gpll~PLL_OUTPUT_COUNTER|divclk'
Slack : 8.887
TNS   : 0.000

Type  : Fast 1100mV 0C Model Minimum Pulse Width 'u0|system_pll|sys_pll|altera_pll_i|general[1].gpll~PLL_OUTPUT_COUNTER|divclk'
Slack : 9.906
TNS   : 0.000

Type  : Fast 1100mV 0C Model Minimum Pulse Width 'altera_reserved_tck'
Slack : 15.259
TNS   : 0.000

Type  : Fast 1100mV 0C Model Minimum Pulse Width 'GraphicsController1|inst12|vga_clock_gen_inst|altera_pll_i|general[0].gpll~PLL_OUTPUT_COUNTER|divclk'
Slack : 16.200
TNS   : 0.000

------------------------------------------------------------
Info: see the "DDR report" for DDR timing results
------------------------------------------------------------
------------------------------------------------------------
